// Jest Snapshot v1, https://goo.gl/fbAQLP

exports[`PlaceSearchContainer renders correctly 1`] = `
<div>
  <h2>
    Search for a place
  </h2>
  <input
    onChange={[Function]}
    placeholder="Search"
    type="search"
  />
  <ul
    className="results"
  >
    <li>
      Type something in above to search
    </li>
  </ul>
</div>
`;
